[INFO] Scanning for projects...
[INFO] 
[INFO] ----------------< pl.weekendflyer:weekend-flight-agent >----------------
[INFO] Building weekend-flight-agent 0.0.1-SNAPSHOT
[INFO]   from pom.xml
[INFO] --------------------------------[ jar ]---------------------------------
[INFO] 
[INFO] --- clean:3.5.0:clean (default-clean) @ weekend-flight-agent ---
[INFO] Deleting C:\Projects\weekend-flight-agent\target
[INFO] 
[INFO] --- resources:3.3.1:resources (default-resources) @ weekend-flight-agent ---
[INFO] Copying 1 resource from src\main\resources to target\classes
[INFO] Copying 2 resources from src\main\resources to target\classes
[INFO] 
[INFO] --- compiler:3.14.1:compile (default-compile) @ weekend-flight-agent ---
[INFO] Recompiling the module because of changed source code.
[INFO] Compiling 21 source files with javac [debug parameters release 17] to target\classes
[INFO] 
[INFO] --- resources:3.3.1:testResources (default-testResources) @ weekend-flight-agent ---
[INFO] skip non existing resourceDirectory C:\Projects\weekend-flight-agent\src\test\resources
[INFO] 
[INFO] --- compiler:3.14.1:testCompile (default-testCompile) @ weekend-flight-agent ---
[INFO] Recompiling the module because of changed dependency.
[INFO] Compiling 12 source files with javac [debug parameters release 17] to target\test-classes
[INFO] 
[INFO] --- surefire:3.5.4:test (default-test) @ weekend-flight-agent ---
[INFO] Using auto detected provider org.apache.maven.surefire.junitplatform.JUnitPlatformProvider
[INFO] 
[INFO] -------------------------------------------------------
[INFO]  T E S T S
[INFO] -------------------------------------------------------
[INFO] Running pl.weekendflyer.weekendFlightAgent.config.AgentPropertiesPlannerTest
[INFO] Tests run: 6, Failures: 0, Errors: 0, Skipped: 0, Time elapsed: 0.227 s -- in pl.weekendflyer.weekendFlightAgent.config.AgentPropertiesPlannerTest
[INFO] Running pl.weekendflyer.weekendFlightAgent.domain.eval.TripEvaluatorFullDaysTest
[INFO] Tests run: 7, Failures: 0, Errors: 0, Skipped: 0, Time elapsed: 0.097 s -- in pl.weekendflyer.weekendFlightAgent.domain.eval.TripEvaluatorFullDaysTest
[INFO] Running pl.weekendflyer.weekendFlightAgent.domain.eval.TripEvaluatorHardConstraintsTest
[INFO] Tests run: 13, Failures: 0, Errors: 0, Skipped: 0, Time elapsed: 0.036 s -- in pl.weekendflyer.weekendFlightAgent.domain.eval.TripEvaluatorHardConstraintsTest
[INFO] Running pl.weekendflyer.weekendFlightAgent.domain.eval.TripEvaluatorSaturdayRuleTest
[INFO] Tests run: 13, Failures: 0, Errors: 0, Skipped: 0, Time elapsed: 0.031 s -- in pl.weekendflyer.weekendFlightAgent.domain.eval.TripEvaluatorSaturdayRuleTest
[INFO] Running pl.weekendflyer.weekendFlightAgent.domain.model.CandidateWindowTest
[INFO] Tests run: 17, Failures: 0, Errors: 0, Skipped: 0, Time elapsed: 0.038 s -- in pl.weekendflyer.weekendFlightAgent.domain.model.CandidateWindowTest
[INFO] Running pl.weekendflyer.weekendFlightAgent.domain.planner.TripWindowGeneratorTest
01:16:00.725 [main] INFO pl.weekendflyer.weekendFlightAgent.domain.planner.TripWindowGenerator -- Generated 48 candidate windows (global limit: 1000)
01:16:00.730 [main] INFO pl.weekendflyer.weekendFlightAgent.domain.planner.TripWindowGenerator -- Generated 48 candidate windows (global limit: 1000)
01:16:00.733 [main] INFO pl.weekendflyer.weekendFlightAgent.domain.planner.TripWindowGenerator -- Generated 0 candidate windows (global limit: 1000)
01:16:00.736 [main] INFO pl.weekendflyer.weekendFlightAgent.domain.planner.TripWindowGenerator -- Generated 24 candidate windows (global limit: 1000)
01:16:00.739 [main] INFO pl.weekendflyer.weekendFlightAgent.domain.planner.TripWindowGenerator -- Generated 6 candidate windows (global limit: 1000)
01:16:00.741 [main] INFO pl.weekendflyer.weekendFlightAgent.domain.planner.TripWindowGenerator -- Generated 0 candidate windows (global limit: 1000)
01:16:00.744 [main] INFO pl.weekendflyer.weekendFlightAgent.domain.planner.TripWindowGenerator -- Generated 0 candidate windows (global limit: 1000)
01:16:00.746 [main] INFO pl.weekendflyer.weekendFlightAgent.domain.planner.TripWindowGenerator -- Generated 26 candidate windows (global limit: 1000)
01:16:00.749 [main] INFO pl.weekendflyer.weekendFlightAgent.domain.planner.TripWindowGenerator -- Generated 33 candidate windows (global limit: 1000)
01:16:00.756 [main] INFO pl.weekendflyer.weekendFlightAgent.domain.planner.TripWindowGenerator -- Generated 35 candidate windows (global limit: 1000)
01:16:00.762 [main] INFO pl.weekendflyer.weekendFlightAgent.domain.planner.TripWindowGenerator -- Generated 5 candidate windows (global limit: 5)
01:16:00.765 [main] INFO pl.weekendflyer.weekendFlightAgent.domain.planner.TripWindowGenerator -- Generated 19 candidate windows (global limit: 1000)
01:16:00.768 [main] INFO pl.weekendflyer.weekendFlightAgent.domain.planner.TripWindowGenerator -- Generated 39 candidate windows (global limit: 1000)
01:16:00.772 [main] INFO pl.weekendflyer.weekendFlightAgent.domain.planner.TripWindowGenerator -- Generated 0 candidate windows (global limit: 1000)
01:16:00.776 [main] INFO pl.weekendflyer.weekendFlightAgent.domain.planner.TripWindowGenerator -- Generated 8 candidate windows (global limit: 1000)
01:16:00.779 [main] INFO pl.weekendflyer.weekendFlightAgent.domain.planner.TripWindowGenerator -- Generated 12 candidate windows (global limit: 1000)
01:16:00.785 [main] INFO pl.weekendflyer.weekendFlightAgent.domain.planner.TripWindowGenerator -- Generated 1 candidate windows (global limit: 1000)
[INFO] Tests run: 16, Failures: 0, Errors: 0, Skipped: 0, Time elapsed: 0.072 s -- in pl.weekendflyer.weekendFlightAgent.domain.planner.TripWindowGeneratorTest
[INFO] Running pl.weekendflyer.weekendFlightAgent.domain.planner.WindowCheckPlannerTest
.\mvnw.cmd : Java HotSpot(TM) 64-Bit Server VM warning: Sharing is only supported for boot loader classes because bootstrap classpath has been appended
At line:1 char:38
+ ... nd-flight-agent; .\mvnw.cmd clean test 2>&1 > test-result.txt; Get-Co ...
+                      ~~~~~~~~~~~~~~~~~~~~~~~~~~~~~~~~~~~~~~~~~~~~
    + CategoryInfo          : NotSpecified: (Java HotSpot(TM...s been appended:String) [], RemoteException
    + FullyQualifiedErrorId : NativeCommandError
 
01:16:02.031 [main] INFO pl.weekendflyer.weekendFlightAgent.domain.planner.WindowCheckPlanner -- WindowCheckPlanner: provider=TestProvider, candidates=1, eligible=1, selected=1, skippedRecent=0, skippedBudget=0
01:16:02.048 [main] INFO pl.weekendflyer.weekendFlightAgent.domain.planner.WindowCheckPlanner -- WindowCheckPlanner: provider=TestProvider, candidates=3, eligible=3, selected=3, skippedRecent=0, skippedBudget=0
01:16:02.055 [main] INFO pl.weekendflyer.weekendFlightAgent.domain.planner.WindowCheckPlanner -- WindowCheckPlanner: provider=TestProvider, candidates=2, eligible=2, selected=2, skippedRecent=0, skippedBudget=0
01:16:02.079 [main] INFO pl.weekendflyer.weekendFlightAgent.domain.planner.WindowCheckPlanner -- WindowCheckPlanner: provider=TestProvider, candidates=4, eligible=4, selected=2, skippedRecent=0, skippedBudget=2
01:16:02.086 [main] INFO pl.weekendflyer.weekendFlightAgent.domain.planner.WindowCheckPlanner -- WindowCheckPlanner: provider=TestProvider, candidates=2, eligible=2, selected=2, skippedRecent=0, skippedBudget=0
01:16:02.093 [main] INFO pl.weekendflyer.weekendFlightAgent.domain.planner.WindowCheckPlanner -- WindowCheckPlanner: provider=TestProvider, candidates=2, eligible=2, selected=2, skippedRecent=0, skippedBudget=0
01:16:02.100 [main] INFO pl.weekendflyer.weekendFlightAgent.domain.planner.WindowCheckPlanner -- WindowCheckPlanner: provider=TestProvider, candidates=1, eligible=1, selected=1, skippedRecent=0, skippedBudget=0
01:16:02.107 [main] INFO pl.weekendflyer.weekendFlightAgent.domain.planner.WindowCheckPlanner -- WindowCheckPlanner: provider=TestProvider, candidates=2, eligible=1, selected=1, skippedRecent=1, skippedBudget=0
01:16:02.112 [main] INFO pl.weekendflyer.weekendFlightAgent.domain.planner.WindowCheckPlanner -- WindowCheckPlanner: provider=TestProvider, candidates=2, eligible=2, selected=2, skippedRecent=0, skippedBudget=0
[INFO] Tests run: 10, Failures: 0, Errors: 0, Skipped: 0, Time elapsed: 1.305 s -- in pl.weekendflyer.weekendFlightAgent.domain.planner.WindowCheckPlannerTest
[INFO] Running pl.weekendflyer.weekendFlightAgent.domain.planner.WindowKeyGeneratorTest
[INFO] Tests run: 6, Failures: 0, Errors: 0, Skipped: 0, Time elapsed: 0.021 s -- in pl.weekendflyer.weekendFlightAgent.domain.planner.WindowKeyGeneratorTest
[INFO] Running pl.weekendflyer.weekendFlightAgent.FlywayMigrationIntegrationTest
01:16:02.380 [main] INFO org.springframework.test.context.support.AnnotationConfigContextLoaderUtils -- Could not detect default configuration classes for test class [pl.weekendflyer.weekendFlightAgent.FlywayMigrationIntegrationTest]: FlywayMigrationIntegrationTest does not declare any static, non-private, non-final, nested classes annotated with @Configuration.
01:16:02.558 [main] INFO org.springframework.boot.test.context.SpringBootTestContextBootstrapper -- Found @SpringBootConfiguration pl.weekendflyer.weekendFlightAgent.WeekendFlightAgentApplication for test class pl.weekendflyer.weekendFlightAgent.FlywayMigrationIntegrationTest

  .   ____          _            __ _ _
 /\\ / ___'_ __ _ _(_)_ __  __ _ \ \ \ \
( ( )\___ | '_ | '_| | '_ \/ _` | \ \ \ \
 \\/  ___)| |_)| | | | | || (_| |  ) ) ) )
  '  |____| .__|_| |_|_| |_\__, | / / / /
 =========|_|==============|___/=/_/_/_/

 :: Spring Boot ::                (v4.0.1)

2026-01-14T01:16:03.189+01:00  INFO 14728 --- [weekend-flight-agent] [           main] p.w.w.FlywayMigrationIntegrationTest     : Starting FlywayMigrationIntegrationTest using Java 17.0.10 with PID 14728 (started by Edwina in C:\Projects\weekend-flight-agent)
2026-01-14T01:16:03.191+01:00  INFO 14728 --- [weekend-flight-agent] [           main] p.w.w.FlywayMigrationIntegrationTest     : No active profile set, falling back to 1 default profile: "default"
2026-01-14T01:16:03.696+01:00  INFO 14728 --- [weekend-flight-agent] [           main] .s.d.r.c.RepositoryConfigurationDelegate : Bootstrapping Spring Data JPA repositories in DEFAULT mode.
2026-01-14T01:16:03.779+01:00  INFO 14728 --- [weekend-flight-agent] [           main] .s.d.r.c.RepositoryConfigurationDelegate : Finished Spring Data repository scanning in 65 ms. Found 2 JPA repository interfaces.
2026-01-14T01:16:04.637+01:00  INFO 14728 --- [weekend-flight-agent] [           main] com.zaxxer.hikari.HikariDataSource       : HikariPool-1 - Starting...
2026-01-14T01:16:04.889+01:00  INFO 14728 --- [weekend-flight-agent] [           main] com.zaxxer.hikari.pool.HikariPool        : HikariPool-1 - Added connection org.postgresql.jdbc.PgConnection@4b916cc2
2026-01-14T01:16:04.892+01:00  INFO 14728 --- [weekend-flight-agent] [           main] com.zaxxer.hikari.HikariDataSource       : HikariPool-1 - Start completed.
2026-01-14T01:16:04.926+01:00  INFO 14728 --- [weekend-flight-agent] [           main] org.flywaydb.core.FlywayExecutor         : Database: jdbc:postgresql://localhost:5432/flight_agent (PostgreSQL 15.15)
2026-01-14T01:16:05.032+01:00  INFO 14728 --- [weekend-flight-agent] [           main] o.f.core.internal.command.DbValidate     : Successfully validated 1 migration (execution time 00:00.054s)
2026-01-14T01:16:05.072+01:00  INFO 14728 --- [weekend-flight-agent] [           main] o.f.core.internal.command.DbMigrate      : Current version of schema "public": 1
2026-01-14T01:16:05.079+01:00  INFO 14728 --- [weekend-flight-agent] [           main] o.f.core.internal.command.DbMigrate      : Schema "public" is up to date. No migration necessary.
2026-01-14T01:16:05.221+01:00  INFO 14728 --- [weekend-flight-agent] [           main] org.hibernate.orm.jpa                    : HHH008540: Processing PersistenceUnitInfo [name: default]
2026-01-14T01:16:05.312+01:00  INFO 14728 --- [weekend-flight-agent] [           main] org.hibernate.orm.core                   : HHH000001: Hibernate ORM core version 7.2.0.Final
2026-01-14T01:16:05.746+01:00  INFO 14728 --- [weekend-flight-agent] [           main] o.s.o.j.p.SpringPersistenceUnitInfo      : No LoadTimeWeaver setup: ignoring JPA class transformer
2026-01-14T01:16:05.906+01:00  INFO 14728 --- [weekend-flight-agent] [           main] org.hibernate.orm.connections.pooling    : HHH10001005: Database info:
	Database JDBC URL [jdbc:postgresql://localhost:5432/flight_agent]
	Database driver: PostgreSQL JDBC Driver
	Database dialect: PostgreSQLDialect
	Database version: 15.15
	Default catalog/schema: flight_agent/public
	Autocommit mode: undefined/unknown
	Isolation level: READ_COMMITTED [default READ_COMMITTED]
	JDBC fetch size: none
	Pool: DataSourceConnectionProvider
	Minimum pool size: undefined/unknown
	Maximum pool size: undefined/unknown
2026-01-14T01:16:06.677+01:00  INFO 14728 --- [weekend-flight-agent] [           main] org.hibernate.orm.core                   : HHH000489: No JTA platform available (set 'hibernate.transaction.jta.platform' to enable JTA platform integration)
2026-01-14T01:16:06.738+01:00  INFO 14728 --- [weekend-flight-agent] [           main] j.LocalContainerEntityManagerFactoryBean : Initialized JPA EntityManagerFactory for persistence unit 'default'
2026-01-14T01:16:06.871+01:00  INFO 14728 --- [weekend-flight-agent] [           main] o.s.d.j.r.query.QueryEnhancerFactories   : Hibernate is in classpath; If applicable, HQL parser will be used.
2026-01-14T01:16:07.324+01:00  INFO 14728 --- [weekend-flight-agent] [           main] p.w.w.FlywayMigrationIntegrationTest     : Started FlywayMigrationIntegrationTest in 4.558 seconds (process running for 7.995)
[INFO] Tests run: 3, Failures: 0, Errors: 0, Skipped: 0, Time elapsed: 5.248 s -- in pl.weekendflyer.weekendFlightAgent.FlywayMigrationIntegrationTest
[INFO] Running pl.weekendflyer.weekendFlightAgent.scheduler.DailyScanJobIntegrationTest
2026-01-14T01:16:07.417+01:00  INFO 14728 --- [weekend-flight-agent] [           main] t.c.s.AnnotationConfigContextLoaderUtils : Could not detect default configuration classes for test class [pl.weekendflyer.weekendFlightAgent.scheduler.DailyScanJobIntegrationTest]: DailyScanJobIntegrationTest does not declare any static, non-private, non-final, nested classes annotated with @Configuration.
2026-01-14T01:16:07.437+01:00  INFO 14728 --- [weekend-flight-agent] [           main] .b.t.c.SpringBootTestContextBootstrapper : Found @SpringBootConfiguration pl.weekendflyer.weekendFlightAgent.WeekendFlightAgentApplication for test class pl.weekendflyer.weekendFlightAgent.scheduler.DailyScanJobIntegrationTest

  .   ____          _            __ _ _
 /\\ / ___'_ __ _ _(_)_ __  __ _ \ \ \ \
( ( )\___ | '_ | '_| | '_ \/ _` | \ \ \ \
 \\/  ___)| |_)| | | | | || (_| |  ) ) ) )
  '  |____| .__|_| |_|_| |_\__, | / / / /
 =========|_|==============|___/=/_/_/_/

 :: Spring Boot ::                (v4.0.1)

2026-01-14T01:16:07.468+01:00  INFO 14728 --- [weekend-flight-agent] [           main] p.w.w.s.DailyScanJobIntegrationTest      : Starting DailyScanJobIntegrationTest using Java 17.0.10 with PID 14728 (started by Edwina in C:\Projects\weekend-flight-agent)
2026-01-14T01:16:07.469+01:00  INFO 14728 --- [weekend-flight-agent] [           main] p.w.w.s.DailyScanJobIntegrationTest      : No active profile set, falling back to 1 default profile: "default"
2026-01-14T01:16:07.604+01:00  INFO 14728 --- [weekend-flight-agent] [           main] .s.d.r.c.RepositoryConfigurationDelegate : Bootstrapping Spring Data JPA repositories in DEFAULT mode.
2026-01-14T01:16:07.622+01:00  INFO 14728 --- [weekend-flight-agent] [           main] .s.d.r.c.RepositoryConfigurationDelegate : Finished Spring Data repository scanning in 16 ms. Found 2 JPA repository interfaces.
2026-01-14T01:16:07.737+01:00  INFO 14728 --- [weekend-flight-agent] [           main] com.zaxxer.hikari.HikariDataSource       : HikariPool-2 - Starting...
2026-01-14T01:16:07.763+01:00  INFO 14728 --- [weekend-flight-agent] [           main] com.zaxxer.hikari.pool.HikariPool        : HikariPool-2 - Added connection org.postgresql.jdbc.PgConnection@2746b1cc
2026-01-14T01:16:07.764+01:00  INFO 14728 --- [weekend-flight-agent] [           main] com.zaxxer.hikari.HikariDataSource       : HikariPool-2 - Start completed.
2026-01-14T01:16:07.768+01:00  INFO 14728 --- [weekend-flight-agent] [           main] org.flywaydb.core.FlywayExecutor         : Database: jdbc:postgresql://localhost:5432/flight_agent (PostgreSQL 15.15)
2026-01-14T01:16:07.816+01:00  INFO 14728 --- [weekend-flight-agent] [           main] o.f.core.internal.command.DbValidate     : Successfully validated 1 migration (execution time 00:00.015s)
2026-01-14T01:16:07.865+01:00  INFO 14728 --- [weekend-flight-agent] [           main] o.f.core.internal.command.DbMigrate      : Current version of schema "public": 1
2026-01-14T01:16:07.867+01:00  INFO 14728 --- [weekend-flight-agent] [           main] o.f.core.internal.command.DbMigrate      : Schema "public" is up to date. No migration necessary.
2026-01-14T01:16:07.908+01:00  INFO 14728 --- [weekend-flight-agent] [           main] org.hibernate.orm.jpa                    : HHH008540: Processing PersistenceUnitInfo [name: default]
2026-01-14T01:16:07.938+01:00  INFO 14728 --- [weekend-flight-agent] [           main] o.s.o.j.p.SpringPersistenceUnitInfo      : No LoadTimeWeaver setup: ignoring JPA class transformer
2026-01-14T01:16:07.956+01:00  INFO 14728 --- [weekend-flight-agent] [           main] org.hibernate.orm.connections.pooling    : HHH10001005: Database info:
	Database JDBC URL [jdbc:postgresql://localhost:5432/flight_agent]
	Database driver: PostgreSQL JDBC Driver
	Database dialect: PostgreSQLDialect
	Database version: 15.15
	Default catalog/schema: flight_agent/public
	Autocommit mode: undefined/unknown
	Isolation level: READ_COMMITTED [default READ_COMMITTED]
	JDBC fetch size: none
	Pool: DataSourceConnectionProvider
	Minimum pool size: undefined/unknown
	Maximum pool size: undefined/unknown
2026-01-14T01:16:08.001+01:00  INFO 14728 --- [weekend-flight-agent] [           main] org.hibernate.orm.core                   : HHH000489: No JTA platform available (set 'hibernate.transaction.jta.platform' to enable JTA platform integration)
2026-01-14T01:16:08.038+01:00  INFO 14728 --- [weekend-flight-agent] [           main] j.LocalContainerEntityManagerFactoryBean : Initialized JPA EntityManagerFactory for persistence unit 'default'
2026-01-14T01:16:08.174+01:00  INFO 14728 --- [weekend-flight-agent] [           main] p.w.w.s.DailyScanJobIntegrationTest      : Started DailyScanJobIntegrationTest in 0.733 seconds (process running for 8.846)
2026-01-14T01:16:08.181+01:00  INFO 14728 --- [weekend-flight-agent] [           main] p.w.w.scheduler.DailyScanJob             : Daily scan started - origins=[WAW], destinations=10, horizonDays=92
2026-01-14T01:16:08.192+01:00  INFO 14728 --- [weekend-flight-agent] [           main] p.w.w.d.planner.TripWindowGenerator      : Generated 500 candidate windows (global limit: 500)
2026-01-14T01:16:08.193+01:00  INFO 14728 --- [weekend-flight-agent] [           main] p.w.w.scheduler.DailyScanJob             : Generated 500 candidate windows
2026-01-14T01:16:08.868+01:00  INFO 14728 --- [weekend-flight-agent] [           main] p.w.w.domain.planner.WindowCheckPlanner  : WindowCheckPlanner: provider=default, candidates=500, eligible=0, selected=0, skippedRecent=500, skippedBudget=0
2026-01-14T01:16:08.869+01:00  INFO 14728 --- [weekend-flight-agent] [           main] p.w.w.scheduler.DailyScanJob             : Planner result: totalCandidates=500, selectedCount=0, skippedRecentlyChecked=500, skippedBudget=0
2026-01-14T01:16:08.870+01:00  INFO 14728 --- [weekend-flight-agent] [           main] p.w.w.scheduler.DailyScanJob             : Daily scan finished.
2026-01-14T01:16:08.875+01:00  INFO 14728 --- [weekend-flight-agent] [           main] p.w.w.scheduler.DailyScanJob             : Daily scan started - origins=[WAW], destinations=10, horizonDays=92
2026-01-14T01:16:08.881+01:00  INFO 14728 --- [weekend-flight-agent] [           main] p.w.w.d.planner.TripWindowGenerator      : Generated 500 candidate windows (global limit: 500)
2026-01-14T01:16:08.882+01:00  INFO 14728 --- [weekend-flight-agent] [           main] p.w.w.scheduler.DailyScanJob             : Generated 500 candidate windows
2026-01-14T01:16:08.928+01:00  INFO 14728 --- [weekend-flight-agent] [           main] p.w.w.domain.planner.WindowCheckPlanner  : WindowCheckPlanner: provider=default, candidates=500, eligible=0, selected=0, skippedRecent=500, skippedBudget=0
2026-01-14T01:16:08.928+01:00  INFO 14728 --- [weekend-flight-agent] [           main] p.w.w.scheduler.DailyScanJob             : Planner result: totalCandidates=500, selectedCount=0, skippedRecentlyChecked=500, skippedBudget=0
2026-01-14T01:16:08.928+01:00  INFO 14728 --- [weekend-flight-agent] [           main] p.w.w.scheduler.DailyScanJob             : Daily scan finished.
[INFO] Tests run: 2, Failures: 0, Errors: 0, Skipped: 0, Time elapsed: 1.518 s -- in pl.weekendflyer.weekendFlightAgent.scheduler.DailyScanJobIntegrationTest
[INFO] Running pl.weekendflyer.weekendFlightAgent.WeekendFlightAgentApplicationTests
2026-01-14T01:16:08.937+01:00  INFO 14728 --- [weekend-flight-agent] [           main] t.c.s.AnnotationConfigContextLoaderUtils : Could not detect default configuration classes for test class [pl.weekendflyer.weekendFlightAgent.WeekendFlightAgentApplicationTests]: WeekendFlightAgentApplicationTests does not declare any static, non-private, non-final, nested classes annotated with @Configuration.
2026-01-14T01:16:08.940+01:00  INFO 14728 --- [weekend-flight-agent] [           main] .b.t.c.SpringBootTestContextBootstrapper : Found @SpringBootConfiguration pl.weekendflyer.weekendFlightAgent.WeekendFlightAgentApplication for test class pl.weekendflyer.weekendFlightAgent.WeekendFlightAgentApplicationTests
[INFO] Tests run: 1, Failures: 0, Errors: 0, Skipped: 0, Time elapsed: 0.017 s -- in pl.weekendflyer.weekendFlightAgent.WeekendFlightAgentApplicationTests
[INFO] 
[INFO] Results:
[INFO] 
[INFO] Tests run: 94, Failures: 0, Errors: 0, Skipped: 0
[INFO] 
[INFO] ------------------------------------------------------------------------
[INFO] BUILD SUCCESS
[INFO] ------------------------------------------------------------------------
[INFO] Total time:  16.090 s
[INFO] Finished at: 2026-01-14T01:16:09+01:00
[INFO] ------------------------------------------------------------------------
